chat_service_1                | {"level":"info","ts":"2024-08-08T15:53:44.927Z","caller":"v4/conn.go:354","msg":"Query","sql":"SELECT msg2.chat_id, chats.name, chats.creator_id, product_id, chats.status, chats.blured, msg2.id, msg2.sender_id, msg2.receiver_id, msg2.checked, msg2.text, msg2.type, msg2.created_at FROM Msgs as msg2 JOIN (SELECT max(msg1.id), min(msg1.created_at) as time, msg1.chat_id FROM Msgs as msg1 WHERE msg1.sender_id = $1 OR msg1.receiver_id = $1 GROUP BY msg1.chat_id) as msg3 on msg3.max = msg2.id JOIN Chats as chats on msg2.chat_id = chats.id","args":[16],"time":0.02537527,"rowCount":1,"pid":38}
chat_service_1                | {"level":"info","ts":"2024-08-08T15:53:44.931Z","caller":"zap/options.go:212","msg":"finished unary call with code OK","grpc.start_time":"2024-08-08T15:53:44Z","system":"grpc","span.kind":"server","grpc.service":"services.chat_service.ChatService","grpc.method":"GetAllChatsAndLastMsg","peer.address":"172.25.0.1:54942","grpc.code":"OK","grpc.time_ms":47.104}
productscategories_service_1  | {"level":"info","ts":"2024-08-08T15:53:44.939Z","caller":"v4/conn.go:354","msg":"Query","time":0.02564411,"rowCount":1,"pid":32,"sql":"SELECT photo_obj_name FROM ProductPhotos WHERE product_id = $1","args":[143]}
company_service_1             | {"level":"info","ts":"2024-08-08T15:53:44.941Z","caller":"repository/logging.go:136","msg":"company_repo","Action":"GetCompanyByProductId","Request":186}
company_service_1             | {"level":"info","ts":"2024-08-08T15:53:44.968Z","caller":"v4/conn.go:354","msg":"Query","sql":"SELECT  id, company_id, product_id, amount FROM CompaniesProducts WHERE product_id = $1","args":[186],"time":0.026462578,"rowCount":1,"pid":28}
company_service_1             | {"level":"info","ts":"2024-08-08T15:53:44.970Z","caller":"v4/conn.go:354","msg":"Query","args":[4],"time":0.002648116,"rowCount":1,"pid":28,"sql":"SELECT id, name, description, legal_name, itn, psrn, address,legal_address,email, phone, link, activity, owner_id, rating , verified, photo_obj_name FROM Companies WHERE id = $1"}
company_service_1             | {"level":"info","ts":"2024-08-08T15:53:44.971Z","caller":"zap/options.go:212","msg":"finished unary call with code OK","grpc.start_time":"2024-08-08T15:53:44Z","system":"grpc","span.kind":"server","grpc.service":"services.company_service.CompanyService","grpc.method":"GetCompanyByProductId","peer.address":"172.25.0.1:37642","grpc.code":"OK","grpc.time_ms":30.305}
gateway_1                     | 2024/08/08 15:53:44 userId from cookie: 16
gateway_1                     | {"level":"info","ts":"2024-08-08T15:53:44.975Z","caller":"http/logging.go:19","msg":"/allchats","status":200}
auth_service_1                | {"level":"info","ts":"2024-08-08T15:53:44.989Z","caller":"v4/conn.go:354","msg":"Query","rowCount":1,"pid":87,"sql":"SELECT id, name, surname, patronymic, country, email, password, group_id, balance FROM Users WHERE id = $1","args":[16],"time":0.063301187}
productscategories_service_1  | {"level":"info","ts":"2024-08-08T15:53:44.991Z","caller":"v4/conn.go:354","msg":"Query","sql":"SELECT photo_obj_name FROM ProductPhotos WHERE product_id = $1","args":[144],"time":0.051868737,"rowCount":1,"pid":32}
auth_service_1                | {"level":"info","ts":"2024-08-08T15:53:44.991Z","caller":"zap/options.go:212","msg":"finished unary call with code OK","grpc.start_time":"2024-08-08T15:53:44Z","system":"grpc","span.kind":"server","grpc.service":"services.auth_service.AuthService","grpc.method":"GetUser","peer.address":"172.25.0.1:59762","grpc.code":"OK","grpc.time_ms":278.028}
auth_service_1                | {"level":"info","ts":"2024-08-08T15:53:44.996Z","caller":"repository/logging.go:185","msg":"auth_repo","Action":"GetUsersCompany","Request":16}
productscategories_service_1  | {"level":"info","ts":"2024-08-08T15:53:44.999Z","caller":"v4/conn.go:354","msg":"Query","sql":"SELECT photo_obj_name FROM ProductPhotos WHERE product_id = $1","args":[145],"time":0.008125194,"rowCount":1,"pid":32}
auth_service_1                | {"level":"info","ts":"2024-08-08T15:53:45.001Z","caller":"v4/conn.go:354","msg":"Query","sql":"SELECT  id, post, company_id, user_id, itn FROM CompaniesUsers WHERE user_id = $1 and company_id = $2","args":[16,13],"time":0.00982581,"rowCount":1,"pid":87}
chat_service_1                | {"level":"info","ts":"2024-08-08T15:53:45.004Z","caller":"v4/conn.go:354","msg":"Query","pid":91,"sql":"SELECT  chat.id, chat.name, chat.creator_id, chat.product_id, chat.status, chat.blured FROM Chats as chat WHERE chat.creator_id = $1","args":[16],"time":0.06120536,"rowCount":1}
auth_service_1                | {"level":"info","ts":"2024-08-08T15:53:45.002Z","caller":"zap/options.go:212","msg":"finished unary call with code OK","grpc.start_time":"2024-08-08T15:53:44Z","system":"grpc","span.kind":"server","grpc.service":"services.auth_service.AuthService","grpc.method":"GetCompanyUserLink","peer.address":"172.25.0.1:59762","grpc.code":"OK","grpc.time_ms":186.064}
gateway_1                     | 2024/08/08 15:53:45 GetUserByCookie SetCookie: 709eb778-8018-43f0-9097-d0d3966e9ba2  id  16  email  test_chat@mail.ru
gateway_1                     | {"level":"info","ts":"2024-08-08T15:53:45.006Z","caller":"http/logging.go:19","msg":"/user/me","status":200}
auth_service_1                | {"level":"info","ts":"2024-08-08T15:53:45.011Z","caller":"v4/conn.go:354","msg":"Query","pid":87,"sql":"SELECT  id, post, company_id, user_id, itn FROM CompaniesUsers WHERE user_id = $1 and company_id = $2","args":[16,13],"time":0.005319308,"rowCount":1}
auth_service_1                | {"level":"info","ts":"2024-08-08T15:53:45.011Z","caller":"zap/options.go:212","msg":"finished unary call with code OK","grpc.start_time":"2024-08-08T15:53:44Z","system":"grpc","span.kind":"server","grpc.service":"services.auth_service.AuthService","grpc.method":"GetCompanyUserLink","peer.address":"172.25.0.1:59762","grpc.code":"OK","grpc.time_ms":191.355}
gateway_1                     | 2024/08/08 15:53:45 GetUserByCookie SetCookie: 709eb778-8018-43f0-9097-d0d3966e9ba2  id  16  email  test_chat@mail.ru
gateway_1                     | {"level":"info","ts":"2024-08-08T15:53:45.013Z","caller":"http/logging.go:19","msg":"/user/me","status":200}
productscategories_service_1  | {"level":"info","ts":"2024-08-08T15:53:45.013Z","caller":"v4/conn.go:354","msg":"Query","args":[146],"time":0.0126004,"rowCount":1,"pid":32,"sql":"SELECT photo_obj_name FROM ProductPhotos WHERE product_id = $1"}
auth_service_1                | {"level":"info","ts":"2024-08-08T15:53:45.019Z","caller":"v4/conn.go:354","msg":"Query","time":0.007055488,"rowCount":1,"pid":87,"sql":"SELECT  id, post, company_id, user_id, itn FROM CompaniesUsers WHERE user_id = $1 and company_id = $2","args":[16,13]}
auth_service_1                | {"level":"info","ts":"2024-08-08T15:53:45.019Z","caller":"zap/options.go:212","msg":"finished unary call with code OK","grpc.start_time":"2024-08-08T15:53:44Z","system":"grpc","span.kind":"server","grpc.service":"services.auth_service.AuthService","grpc.method":"GetCompanyUserLink","peer.address":"172.25.0.1:59762","grpc.code":"OK","grpc.time_ms":197.078}
productscategories_service_1  | {"level":"info","ts":"2024-08-08T15:53:45.022Z","caller":"v4/conn.go:354","msg":"Query","pid":32,"sql":"SELECT photo_obj_name FROM ProductPhotos WHERE product_id = $1","args":[147],"time":0.00699032,"rowCount":1}
gateway_1                     | 2024/08/08 15:53:45 GetUserByCookie SetCookie: 709eb778-8018-43f0-9097-d0d3966e9ba2  id  16  email  test_chat@mail.ru
gateway_1                     | {"level":"info","ts":"2024-08-08T15:53:45.024Z","caller":"http/logging.go:19","msg":"/user/me","status":200}
productscategories_service_1  | {"level":"info","ts":"2024-08-08T15:53:45.028Z","caller":"v4/conn.go:354","msg":"Query","time":0.006574241,"rowCount":1,"pid":32,"sql":"SELECT photo_obj_name FROM ProductPhotos WHERE product_id = $1","args":[148]}
productscategories_service_1  | {"level":"info","ts":"2024-08-08T15:53:45.035Z","caller":"v4/conn.go:354","msg":"Query","time":0.006338778,"rowCount":1,"pid":32,"sql":"SELECT photo_obj_name FROM ProductPhotos WHERE product_id = $1","args":[149]}
gateway_1                     | 2024/08/08 15:53:45 GetUserByCookie SetCookie: 709eb778-8018-43f0-9097-d0d3966e9ba2  id  16  email  test_chat@mail.ru
gateway_1                     | {"level":"info","ts":"2024-08-08T15:53:45.041Z","caller":"http/logging.go:19","msg":"/user/me","status":200}
auth_service_1                | {"level":"info","ts":"2024-08-08T15:53:45.040Z","caller":"v4/conn.go:354","msg":"Query","time":0.087400357,"rowCount":1,"pid":88,"sql":"SELECT  id, post, company_id, user_id, itn FROM CompaniesUsers WHERE user_id = $1 and company_id = $2","args":[16,13]}
auth_service_1                | {"level":"info","ts":"2024-08-08T15:53:45.040Z","caller":"zap/options.go:212","msg":"finished unary call with code OK","grpc.start_time":"2024-08-08T15:53:44Z","system":"grpc","span.kind":"server","grpc.service":"services.auth_service.AuthService","grpc.method":"GetCompanyUserLink","peer.address":"172.25.0.1:59762","grpc.code":"OK","grpc.time_ms":320.092}
productscategories_service_1  | {"level":"info","ts":"2024-08-08T15:53:45.045Z","caller":"v4/conn.go:354","msg":"Query","sql":"SELECT photo_obj_name FROM ProductPhotos WHERE product_id = $1","args":[150],"time":0.010314338,"rowCount":1,"pid":32}
productscategories_service_1  | {"level":"info","ts":"2024-08-08T15:53:45.045Z","caller":"zap/options.go:212","msg":"finished unary call with code OK","grpc.start_time":"2024-08-08T15:53:44Z","system":"grpc","span.kind":"server","grpc.service":"services.productsCategories_service.ProductsCategoriesService","grpc.method":"GetProductsListByFilters","peer.address":"172.25.0.1:56954","grpc.code":"OK","grpc.time_ms":298.65}
auth_service_1                | {"level":"info","ts":"2024-08-08T15:53:45.050Z","caller":"v4/conn.go:354","msg":"Query","sql":"SELECT user_id FROM Cookies WHERE hash = $1","args":["709eb778-8018-43f0-9097-d0d3966e9ba2"],"time":0.06183633,"rowCount":1,"pid":92}
auth_service_1                | {"level":"info","ts":"2024-08-08T15:53:45.050Z","caller":"zap/options.go:212","msg":"finished unary call with code OK","grpc.start_time":"2024-08-08T15:53:44Z","system":"grpc","span.kind":"server","grpc.service":"services.auth_service.AuthService","grpc.method":"ValidateSession","peer.address":"172.25.0.1:59762","grpc.code":"OK","grpc.time_ms":295.137}
gateway_1                     | 2024/08/08 15:53:45 Helpers ValidateSession set UserIDContextKey:  16
auth_service_1                | 2024/08/08 15:53:45 authDelivery -> GetUser 16
auth_service_1                | {"level":"info","ts":"2024-08-08T15:53:45.055Z","caller":"repository/logging.go:149","msg":"auth_repo","Action":"GetUserByID","Request":16}
company_service_1             | {"level":"info","ts":"2024-08-08T15:53:45.060Z","caller":"repository/logging.go:136","msg":"company_repo","Action":"GetCompanyByProductId","Request":142}
company_service_1             | {"level":"info","ts":"2024-08-08T15:53:45.063Z","caller":"v4/conn.go:354","msg":"Query","rowCount":1,"pid":28,"sql":"SELECT  id, company_id, product_id, amount FROM CompaniesProducts WHERE product_id = $1","args":[142],"time":0.000564634}
company_service_1             | {"level":"info","ts":"2024-08-08T15:53:45.064Z","caller":"v4/conn.go:354","msg":"Query","args":[4],"time":0.001229859,"rowCount":1,"pid":28,"sql":"SELECT id, name, description, legal_name, itn, psrn, address,legal_address,email, phone, link, activity, owner_id, rating , verified, photo_obj_name FROM Companies WHERE id = $1"}
company_service_1             | {"level":"info","ts":"2024-08-08T15:53:45.064Z","caller":"zap/options.go:212","msg":"finished unary call with code OK","grpc.start_time":"2024-08-08T15:53:45Z","system":"grpc","span.kind":"server","grpc.service":"services.company_service.CompanyService","grpc.method":"GetCompanyByProductId","peer.address":"172.25.0.1:37642","grpc.code":"OK","grpc.time_ms":4.53}
company_service_1             | {"level":"info","ts":"2024-08-08T15:53:45.066Z","caller":"repository/logging.go:136","msg":"company_repo","Action":"GetCompanyByProductId","Request":143}
company_service_1             | {"level":"info","ts":"2024-08-08T15:53:45.068Z","caller":"v4/conn.go:354","msg":"Query","args":[143],"time":0.002053397,"rowCount":1,"pid":28,"sql":"SELECT  id, company_id, product_id, amount FROM CompaniesProducts WHERE product_id = $1"}
company_service_1             | {"level":"info","ts":"2024-08-08T15:53:45.070Z","caller":"v4/conn.go:354","msg":"Query","sql":"SELECT id, name, description, legal_name, itn, psrn, address,legal_address,email, phone, link, activity, owner_id, rating , verified, photo_obj_name FROM Companies WHERE id = $1","args":[4],"time":0.001378955,"rowCount":1,"pid":28}
company_service_1             | {"level":"info","ts":"2024-08-08T15:53:45.070Z","caller":"zap/options.go:212","msg":"finished unary call with code OK","grpc.start_time":"2024-08-08T15:53:45Z","system":"grpc","span.kind":"server","grpc.service":"services.company_service.CompanyService","grpc.method":"GetCompanyByProductId","peer.address":"172.25.0.1:37642","grpc.code":"OK","grpc.time_ms":3.847}
company_service_1             | {"level":"info","ts":"2024-08-08T15:53:45.071Z","caller":"repository/logging.go:136","msg":"company_repo","Action":"GetCompanyByProductId","Request":144}
company_service_1             | {"level":"info","ts":"2024-08-08T15:53:45.073Z","caller":"v4/conn.go:354","msg":"Query","sql":"SELECT  id, company_id, product_id, amount FROM CompaniesProducts WHERE product_id = $1","args":[144],"time":0.001554241,"rowCount":1,"pid":28}
company_service_1             | {"level":"info","ts":"2024-08-08T15:53:45.074Z","caller":"v4/conn.go:354","msg":"Query","pid":28,"sql":"SELECT id, name, description, legal_name, itn, psrn, address,legal_address,email, phone, link, activity, owner_id, rating , verified, photo_obj_name FROM Companies WHERE id = $1","args":[4],"time":0.000819286,"rowCount":1}
company_service_1             | {"level":"info","ts":"2024-08-08T15:53:45.074Z","caller":"zap/options.go:212","msg":"finished unary call with code OK","grpc.start_time":"2024-08-08T15:53:45Z","system":"grpc","span.kind":"server","grpc.service":"services.company_service.CompanyService","grpc.method":"GetCompanyByProductId","peer.address":"172.25.0.1:37642","grpc.code":"OK","grpc.time_ms":2.656}
company_service_1             | {"level":"info","ts":"2024-08-08T15:53:45.076Z","caller":"repository/logging.go:136","msg":"company_repo","Action":"GetCompanyByProductId","Request":145}
company_service_1             | {"level":"info","ts":"2024-08-08T15:53:45.079Z","caller":"v4/conn.go:354","msg":"Query","sql":"SELECT  id, company_id, product_id, amount FROM CompaniesProducts WHERE product_id = $1","args":[145],"time":0.000624573,"rowCount":1,"pid":28}
company_service_1             | {"level":"info","ts":"2024-08-08T15:53:45.079Z","caller":"v4/conn.go:354","msg":"Query","sql":"SELECT id, name, description, legal_name, itn, psrn, address,legal_address,email, phone, link, activity, owner_id, rating , verified, photo_obj_name FROM Companies WHERE id = $1","args":[4],"time":0.000536701,"rowCount":1,"pid":28}
chat_service_1                | {"level":"info","ts":"2024-08-08T15:53:45.086Z","caller":"v4/conn.go:354","msg":"Query","time":0.080642811,"rowCount":1,"pid":91,"sql":"SELECT Count(*) FROM Msgs as msg2 JOIN (SELECT max(msg1.id), min(msg1.created_at) as time, msg1.chat_id FROM Msgs as msg1 WHERE msg1.sender_id = $1 OR msg1.receiver_id = $1 GROUP BY msg1.chat_id) as msg3 on msg3.max = msg2.id JOIN Chats as chats on msg2.chat_id = chats.id","args":[16]}
chat_service_1                | 2024/08/08 15:53:45 chats_amount =  1
auth_service_1                | {"level":"info","ts":"2024-08-08T15:53:45.084Z","caller":"v4/conn.go:354","msg":"Query","sql":"SELECT id, name, surname, patronymic, country, email, password, group_id, balance FROM Users WHERE id = $1","args":[16],"time":0.027153431,"rowCount":1,"pid":92}
auth_service_1                | {"level":"info","ts":"2024-08-08T15:53:45.084Z","caller":"zap/options.go:212","msg":"finished unary call with code OK","grpc.start_time":"2024-08-08T15:53:45Z","system":"grpc","span.kind":"server","grpc.service":"services.auth_service.AuthService","grpc.method":"GetUser","peer.address":"172.25.0.1:59762","grpc.code":"OK","grpc.time_ms":29.567}
company_service_1             | {"level":"info","ts":"2024-08-08T15:53:45.080Z","caller":"zap/options.go:212","msg":"finished unary call with code OK","grpc.start_time":"2024-08-08T15:53:45Z","system":"grpc","span.kind":"server","grpc.service":"services.company_service.CompanyService","grpc.method":"GetCompanyByProductId","peer.address":"172.25.0.1:37642","grpc.code":"OK","grpc.time_ms":3.721}
company_service_1             | {"level":"info","ts":"2024-08-08T15:53:45.082Z","caller":"repository/logging.go:136","msg":"company_repo","Action":"GetCompanyByProductId","Request":146}
auth_service_1                | {"level":"info","ts":"2024-08-08T15:53:45.088Z","caller":"repository/logging.go:185","msg":"auth_repo","Action":"GetUsersCompany","Request":16}
company_service_1             | {"level":"info","ts":"2024-08-08T15:53:45.087Z","caller":"v4/conn.go:354","msg":"Query","sql":"SELECT  id, company_id, product_id, amount FROM CompaniesProducts WHERE product_id = $1","args":[146],"time":0.005028653,"rowCount":1,"pid":28}
company_service_1             | {"level":"info","ts":"2024-08-08T15:53:45.090Z","caller":"v4/conn.go:354","msg":"Query","rowCount":1,"pid":28,"sql":"SELECT id, name, description, legal_name, itn, psrn, address,legal_address,email, phone, link, activity, owner_id, rating , verified, photo_obj_name FROM Companies WHERE id = $1","args":[4],"time":0.000560806}
company_service_1             | {"level":"info","ts":"2024-08-08T15:53:45.091Z","caller":"zap/options.go:212","msg":"finished unary call with code OK","grpc.start_time":"2024-08-08T15:53:45Z","system":"grpc","span.kind":"server","grpc.service":"services.company_service.CompanyService","grpc.method":"GetCompanyByProductId","peer.address":"172.25.0.1:37642","grpc.code":"OK","grpc.time_ms":8.842}
auth_service_1                | {"level":"info","ts":"2024-08-08T15:53:45.093Z","caller":"v4/conn.go:354","msg":"Query","sql":"SELECT id, name, description, legal_name, itn, psrn, address,legal_address,email, phone, link, activity, owner_id, rating , verified  FROM Companies WHERE owner_id = $1","args":[16],"time":0.005138204,"rowCount":1,"pid":92}
auth_service_1                | {"level":"info","ts":"2024-08-08T15:53:45.094Z","caller":"zap/options.go:212","msg":"finished unary call with code OK","grpc.start_time":"2024-08-08T15:53:45Z","system":"grpc","span.kind":"server","grpc.service":"services.auth_service.AuthService","grpc.method":"GetUsersCompany","peer.address":"172.25.0.1:59762","grpc.code":"OK","grpc.time_ms":6.529}
company_service_1             | {"level":"info","ts":"2024-08-08T15:53:45.095Z","caller":"repository/logging.go:136","msg":"company_repo","Action":"GetCompanyByProductId","Request":147}
company_service_1             | {"level":"info","ts":"2024-08-08T15:53:45.095Z","caller":"v4/conn.go:354","msg":"Query","args":[147],"time":0.000827662,"rowCount":1,"pid":28,"sql":"SELECT  id, company_id, product_id, amount FROM CompaniesProducts WHERE product_id = $1"}
company_service_1             | {"level":"info","ts":"2024-08-08T15:53:45.097Z","caller":"v4/conn.go:354","msg":"Query","pid":28,"sql":"SELECT id, name, description, legal_name, itn, psrn, address,legal_address,email, phone, link, activity, owner_id, rating , verified, photo_obj_name FROM Companies WHERE id = $1","args":[4],"time":0.00110272,"rowCount":1}
company_service_1             | {"level":"info","ts":"2024-08-08T15:53:45.097Z","caller":"zap/options.go:212","msg":"finished unary call with code OK","grpc.start_time":"2024-08-08T15:53:45Z","system":"grpc","span.kind":"server","grpc.service":"services.company_service.CompanyService","grpc.method":"GetCompanyByProductId","peer.address":"172.25.0.1:37642","grpc.code":"OK","grpc.time_ms":2.667}
company_service_1             | {"level":"info","ts":"2024-08-08T15:53:45.100Z","caller":"repository/logging.go:136","msg":"company_repo","Action":"GetCompanyByProductId","Request":148}
auth_service_1                | {"level":"error","ts":"2024-08-08T15:53:45.098Z","caller":"zap/sugar.go:210","msg":"Ignored key without a value.","ignored":13,"stacktrace":"go.uber.org/zap.(*SugaredLogger).Infow\n\t/go/src/b2b/m/vendor/go.uber.org/zap/sugar.go:210\nb2b/m/internal/services/auth/repository.(*loggingMiddleware).GetCompanyUserLink\n\t/go/src/b2b/m/internal/services/auth/repository/logging.go:203\nb2b/m/internal/services/auth/usecase.(*authUseCase).GetCompanyUserLink\n\t/go/src/b2b/m/internal/services/auth/usecase/usecase.go:337\nb2b/m/internal/services/auth/delivery.(*authDelivery).GetCompanyUserLink\n\t/go/src/b2b/m/internal/services/auth/delivery/delivery.go:228\nb2b/m/pkg/services/auth._AuthService_GetCompanyUserLink_Handler.func1\n\t/go/src/b2b/m/pkg/services/auth/api_grpc.pb.go:555\ngithub.com/grpc-ecosystem/go-grpc-prometheus.(*ServerMetrics).UnaryServerInterceptor.func1\n\t/go/src/b2b/m/vendor/github.com/grpc-ecosystem/go-grpc-prometheus/server_metrics.go:107\ngoogle.golang.org/grpc.getChainUnaryHandler.func1\n\t/go/src/b2b/m/vendor/google.golang.org/grpc/server.go:1156\ngithub.com/grpc-ecosystem/go-grpc-middleware/validator.UnaryServerInterceptor.func1\n\t/go/src/b2b/m/vendor/github.com/grpc-ecosystem/go-grpc-middleware/validator/validator.go:47\ngoogle.golang.org/grpc.getChainUnaryHandler.func1\n\t/go/src/b2b/m/vendor/google.golang.org/grpc/server.go:1156\ngithub.com/grpc-ecosystem/go-grpc-middleware/logging/zap.UnaryServerInterceptor.func1\n\t/go/src/b2b/m/vendor/github.com/grpc-ecosystem/go-grpc-middleware/logging/zap/server_interceptors.go:31\ngoogle.golang.org/grpc.getChainUnaryHandler.func1\n\t/go/src/b2b/m/vendor/google.golang.org/grpc/server.go:1156\ngithub.com/grpc-ecosystem/go-grpc-middleware/tags.UnaryServerInterceptor.func1\n\t/go/src/b2b/m/vendor/github.com/grpc-ecosystem/go-grpc-middleware/tags/interceptors.go:23\ngoogle.golang.org/grpc.chainUnaryInterceptors.func1\n\t/go/src/b2b/m/vendor/google.golang.org/grpc/server.go:1147\nb2b/m/pkg/services/auth._AuthService_GetCompanyUserLink_Handler\n\t/go/src/b2b/m/pkg/services/auth/api_grpc.pb.go:557\ngoogle.golang.org/grpc.(*Server).processUnaryRPC\n\t/go/src/b2b/m/vendor/google.golang.org/grpc/server.go:1337\ngoogle.golang.org/grpc.(*Server).handleStream\n\t/go/src/b2b/m/vendor/google.golang.org/grpc/server.go:1714\ngoogle.golang.org/grpc.(*Server).serveStreams.func1.1\n\t/go/src/b2b/m/vendor/google.golang.org/grpc/server.go:959"}
auth_service_1                | {"level":"info","ts":"2024-08-08T15:53:45.098Z","caller":"repository/logging.go:203","msg":"auth_repo","Action":"GetCompanyUserLink","Request":16}
gateway_1                     | 2024/08/08 15:53:45 Chat already unblurred:  77  Blured:  false
chat_service_1                | {"level":"info","ts":"2024-08-08T15:53:45.109Z","caller":"v4/conn.go:354","msg":"Query","sql":"SELECT msg2.chat_id, chats.name, chats.creator_id, product_id, chats.status, chats.blured, msg2.id, msg2.sender_id, msg2.receiver_id, msg2.checked, msg2.text, msg2.type, msg2.created_at FROM Msgs as msg2 JOIN (SELECT max(msg1.id), min(msg1.created_at) as time, msg1.chat_id FROM Msgs as msg1 WHERE msg1.sender_id = $1 OR msg1.receiver_id = $1 GROUP BY msg1.chat_id) as msg3 on msg3.max = msg2.id JOIN Chats as chats on msg2.chat_id = chats.id","args":[16],"time":0.02302917,"rowCount":1,"pid":91}
chat_service_1                | {"level":"info","ts":"2024-08-08T15:53:45.109Z","caller":"zap/options.go:212","msg":"finished unary call with code OK","grpc.start_time":"2024-08-08T15:53:44Z","system":"grpc","span.kind":"server","grpc.service":"services.chat_service.ChatService","grpc.method":"GetAllUserChats","peer.address":"172.25.0.1:54942","grpc.code":"OK","grpc.time_ms":316.407}
company_service_1             | {"level":"info","ts":"2024-08-08T15:53:45.102Z","caller":"v4/conn.go:354","msg":"Query","sql":"SELECT  id, company_id, product_id, amount FROM CompaniesProducts WHERE product_id = $1","args":[148],"time":0.001681214,"rowCount":1,"pid":28}
gateway_1                     | 2024/08/08 15:53:45 GetUserByCookie SetCookie: 709eb778-8018-43f0-9097-d0d3966e9ba2  id  16  email  test_chat@mail.ru
gateway_1                     | {"level":"info","ts":"2024-08-08T15:53:45.117Z","caller":"http/logging.go:19","msg":"/user/me","status":200}
chat_service_1                | {"level":"info","ts":"2024-08-08T15:53:45.112Z","caller":"repository/logging.go:113","msg":"auth_repo","Action":"GetAllChatsAndLastMsg","Request":16}
auth_service_1                | {"level":"info","ts":"2024-08-08T15:53:45.116Z","caller":"v4/conn.go:354","msg":"Query","pid":92,"sql":"SELECT  id, post, company_id, user_id, itn FROM CompaniesUsers WHERE user_id = $1 and company_id = $2","args":[16,13],"time":0.018044619,"rowCount":1}
auth_service_1                | {"level":"info","ts":"2024-08-08T15:53:45.116Z","caller":"zap/options.go:212","msg":"finished unary call with code OK","grpc.start_time":"2024-08-08T15:53:45Z","system":"grpc","span.kind":"server","grpc.service":"services.auth_service.AuthService","grpc.method":"GetCompanyUserLink","peer.address":"172.25.0.1:59762","grpc.code":"OK","grpc.time_ms":18.612}
chat_service_1                | {"level":"info","ts":"2024-08-08T15:53:45.121Z","caller":"v4/conn.go:354","msg":"Query","pid":91,"sql":"SELECT  chat.id, chat.name, chat.creator_id, chat.product_id, chat.status, chat.blured FROM Chats as chat WHERE chat.creator_id = $1","args":[16],"time":0.008424824,"rowCount":1}
chat_service_1                | {"level":"info","ts":"2024-08-08T15:53:45.128Z","caller":"v4/conn.go:354","msg":"Query","time":0.005842893,"rowCount":1,"pid":91,"sql":"SELECT Count(*) FROM Msgs as msg2 JOIN (SELECT max(msg1.id), min(msg1.created_at) as time, msg1.chat_id FROM Msgs as msg1 WHERE msg1.sender_id = $1 OR msg1.receiver_id = $1 GROUP BY msg1.chat_id) as msg3 on msg3.max = msg2.id JOIN Chats as chats on msg2.chat_id = chats.id","args":[16]}
chat_service_1                | 2024/08/08 15:53:45 chats_amount =  1
gateway_1                     | 2024/08/08 15:53:45 Gateway -> Usecase -> HandlePaidPayments -> PAYMENTS &[]
gateway_1                     | 2024/08/08 15:53:45 Gateway -> Usecase -> HandlePaidPayments -> PAYMENTS CONFIRMED
auth_service_1                | {"level":"info","ts":"2024-08-08T15:53:45.122Z","caller":"v4/conn.go:354","msg":"Query","args":[16],"time":0.102230418,"rowCount":1,"pid":87,"sql":"SELECT COUNT(id) FROM Payments WHERE user_id = $1"}
auth_service_1                | {"level":"info","ts":"2024-08-08T15:53:45.122Z","caller":"zap/options.go:212","msg":"finished unary call with code OK","grpc.start_time":"2024-08-08T15:53:44Z","system":"grpc","span.kind":"server","grpc.service":"services.auth_service.AuthService","grpc.method":"GetUsersPayments","peer.address":"172.25.0.1:59762","grpc.code":"OK","grpc.time_ms":309.103}
company_service_1             | {"level":"info","ts":"2024-08-08T15:53:45.103Z","caller":"v4/conn.go:354","msg":"Query","sql":"SELECT id, name, description, legal_name, itn, psrn, address,legal_address,email, phone, link, activity, owner_id, rating , verified, photo_obj_name FROM Companies WHERE id = $1","args":[4],"time":0.001076349,"rowCount":1,"pid":28}
company_service_1             | {"level":"info","ts":"2024-08-08T15:53:45.103Z","caller":"zap/options.go:212","msg":"finished unary call with code OK","grpc.start_time":"2024-08-08T15:53:45Z","system":"grpc","span.kind":"server","grpc.service":"services.company_service.CompanyService","grpc.method":"GetCompanyByProductId","peer.address":"172.25.0.1:37642","grpc.code":"OK","grpc.time_ms":3.158}
company_service_1             | {"level":"info","ts":"2024-08-08T15:53:45.108Z","caller":"repository/logging.go:136","msg":"company_repo","Action":"GetCompanyByProductId","Request":149}
company_service_1             | {"level":"info","ts":"2024-08-08T15:53:45.114Z","caller":"v4/conn.go:354","msg":"Query","sql":"SELECT  id, company_id, product_id, amount FROM CompaniesProducts WHERE product_id = $1","args":[149],"time":0.004383748,"rowCount":1,"pid":28}
company_service_1             | {"level":"info","ts":"2024-08-08T15:53:45.115Z","caller":"v4/conn.go:354","msg":"Query","sql":"SELECT id, name, description, legal_name, itn, psrn, address,legal_address,email, phone, link, activity, owner_id, rating , verified, photo_obj_name FROM Companies WHERE id = $1","args":[4],"time":0.0008946,"rowCount":1,"pid":28}
company_service_1             | {"level":"info","ts":"2024-08-08T15:53:45.115Z","caller":"zap/options.go:212","msg":"finished unary call with code OK","grpc.start_time":"2024-08-08T15:53:45Z","system":"grpc","span.kind":"server","grpc.service":"services.company_service.CompanyService","grpc.method":"GetCompanyByProductId","peer.address":"172.25.0.1:37642","grpc.code":"OK","grpc.time_ms":6.676}
company_service_1             | {"level":"info","ts":"2024-08-08T15:53:45.118Z","caller":"repository/logging.go:136","msg":"company_repo","Action":"GetCompanyByProductId","Request":150}
company_service_1             | {"level":"info","ts":"2024-08-08T15:53:45.119Z","caller":"v4/conn.go:354","msg":"Query","args":[150],"time":0.000835934,"rowCount":1,"pid":28,"sql":"SELECT  id, company_id, product_id, amount FROM CompaniesProducts WHERE product_id = $1"}
auth_service_1                | 2024/08/08 15:53:45 in service delivery -> authDelivery -> HandlePaidPayments 16
auth_service_1                | 2024/08/08 15:53:45  in service usecase -> authUseCase -> HandlePaidPayments 16
auth_service_1                | {"level":"info","ts":"2024-08-08T15:53:45.127Z","caller":"repository/logging.go:98","msg":"auth_repo","Action":"GetUsersPayments","Request":16}
chat_service_1                | {"level":"info","ts":"2024-08-08T15:53:45.134Z","caller":"v4/conn.go:354","msg":"Query","sql":"SELECT msg2.chat_id, chats.name, chats.creator_id, product_id, chats.status, chats.blured, msg2.id, msg2.sender_id, msg2.receiver_id, msg2.checked, msg2.text, msg2.type, msg2.created_at FROM Msgs as msg2 JOIN (SELECT max(msg1.id), min(msg1.created_at) as time, msg1.chat_id FROM Msgs as msg1 WHERE msg1.sender_id = $1 OR msg1.receiver_id = $1 GROUP BY msg1.chat_id) as msg3 on msg3.max = msg2.id JOIN Chats as chats on msg2.chat_id = chats.id","args":[16],"time":0.005732596,"rowCount":1,"pid":91}
chat_service_1                | {"level":"info","ts":"2024-08-08T15:53:45.134Z","caller":"zap/options.go:212","msg":"finished unary call with code OK","grpc.start_time":"2024-08-08T15:53:45Z","system":"grpc","span.kind":"server","grpc.service":"services.chat_service.ChatService","grpc.method":"GetAllChatsAndLastMsg","peer.address":"172.25.0.1:54942","grpc.code":"OK","grpc.time_ms":23.063}
company_service_1             | {"level":"info","ts":"2024-08-08T15:53:45.121Z","caller":"v4/conn.go:354","msg":"Query","rowCount":1,"pid":28,"sql":"SELECT id, name, description, legal_name, itn, psrn, address,legal_address,email, phone, link, activity, owner_id, rating , verified, photo_obj_name FROM Companies WHERE id = $1","args":[4],"time":0.00185584}
company_service_1             | {"level":"info","ts":"2024-08-08T15:53:45.130Z","caller":"zap/options.go:212","msg":"finished unary call with code OK","grpc.start_time":"2024-08-08T15:53:45Z","system":"grpc","span.kind":"server","grpc.service":"services.company_service.CompanyService","grpc.method":"GetCompanyByProductId","peer.address":"172.25.0.1:37642","grpc.code":"OK","grpc.time_ms":11.382}
company_service_1             | {"level":"info","ts":"2024-08-08T15:53:45.142Z","caller":"repository/logging.go:136","msg":"company_repo","Action":"GetCompanyByProductId","Request":186}
company_service_1             | {"level":"info","ts":"2024-08-08T15:53:45.143Z","caller":"v4/conn.go:354","msg":"Query","sql":"SELECT  id, company_id, product_id, amount FROM CompaniesProducts WHERE product_id = $1","args":[186],"time":0.0006705,"rowCount":1,"pid":28}
company_service_1             | {"level":"info","ts":"2024-08-08T15:53:45.144Z","caller":"v4/conn.go:354","msg":"Query","sql":"SELECT id, name, description, legal_name, itn, psrn, address,legal_address,email, phone, link, activity, owner_id, rating , verified, photo_obj_name FROM Companies WHERE id = $1","args":[4],"time":0.000388758,"rowCount":1,"pid":28}
company_service_1             | {"level":"info","ts":"2024-08-08T15:53:45.144Z","caller":"zap/options.go:212","msg":"finished unary call with code OK","grpc.start_time":"2024-08-08T15:53:45Z","system":"grpc","span.kind":"server","grpc.service":"services.company_service.CompanyService","grpc.method":"GetCompanyByProductId","peer.address":"172.25.0.1:37642","grpc.code":"OK","grpc.time_ms":1.648}
gateway_1                     | 2024/08/08 15:53:45 userId from cookie: 16
gateway_1                     | {"level":"info","ts":"2024-08-08T15:53:45.148Z","caller":"http/logging.go:19","msg":"/allchats","status":200}
auth_service_1                | {"level":"info","ts":"2024-08-08T15:53:45.150Z","caller":"v4/conn.go:354","msg":"Query","sql":"SELECT id, name, description, legal_name, itn, psrn, address,legal_address,email, phone, link, activity, owner_id, rating , verified  FROM Companies WHERE owner_id = $1","args":[16],"time":0.109573409,"rowCount":1,"pid":88}
auth_service_1                | {"level":"info","ts":"2024-08-08T15:53:45.150Z","caller":"zap/options.go:212","msg":"finished unary call with code OK","grpc.start_time":"2024-08-08T15:53:44Z","system":"grpc","span.kind":"server","grpc.service":"services.auth_service.AuthService","grpc.method":"GetUsersCompany","peer.address":"172.25.0.1:59762","grpc.code":"OK","grpc.time_ms":154.865}
auth_service_1                | {"level":"info","ts":"2024-08-08T15:53:45.152Z","caller":"v4/conn.go:354","msg":"Query","time":0.004414558,"rowCount":1,"pid":92,"sql":"SELECT COUNT(id) FROM Payments WHERE user_id = $1","args":[16]}
auth_service_1                | 2024/08/08 15:53:45 No payments for user
auth_service_1                | {"level":"info","ts":"2024-08-08T15:53:45.152Z","caller":"zap/options.go:212","msg":"finished unary call with code OK","grpc.start_time":"2024-08-08T15:53:45Z","system":"grpc","span.kind":"server","grpc.service":"services.auth_service.AuthService","grpc.method":"HandlePaidPayments","peer.address":"172.25.0.1:59762","grpc.code":"OK","grpc.time_ms":26.745}
gateway_1                     | {"level":"info","ts":"2024-08-08T15:53:45.154Z","caller":"http/logging.go:19","msg":"/products/list/filter","status":200}
auth_service_1                | {"level":"error","ts":"2024-08-08T15:53:45.160Z","caller":"zap/sugar.go:210","msg":"Ignored key without a value.","ignored":13,"stacktrace":"go.uber.org/zap.(*SugaredLogger).Infow\n\t/go/src/b2b/m/vendor/go.uber.org/zap/sugar.go:210\nb2b/m/internal/services/auth/repository.(*loggingMiddleware).GetCompanyUserLink\n\t/go/src/b2b/m/internal/services/auth/repository/logging.go:203\nb2b/m/internal/services/auth/usecase.(*authUseCase).GetCompanyUserLink\n\t/go/src/b2b/m/internal/services/auth/usecase/usecase.go:337\nb2b/m/internal/services/auth/delivery.(*authDelivery).GetCompanyUserLink\n\t/go/src/b2b/m/internal/services/auth/delivery/delivery.go:228\nb2b/m/pkg/services/auth._AuthService_GetCompanyUserLink_Handler.func1\n\t/go/src/b2b/m/pkg/services/auth/api_grpc.pb.go:555\ngithub.com/grpc-ecosystem/go-grpc-prometheus.(*ServerMetrics).UnaryServerInterceptor.func1\n\t/go/src/b2b/m/vendor/github.com/grpc-ecosystem/go-grpc-prometheus/server_metrics.go:107\ngoogle.golang.org/grpc.getChainUnaryHandler.func1\n\t/go/src/b2b/m/vendor/google.golang.org/grpc/server.go:1156\ngithub.com/grpc-ecosystem/go-grpc-middleware/validator.UnaryServerInterceptor.func1\n\t/go/src/b2b/m/vendor/github.com/grpc-ecosystem/go-grpc-middleware/validator/validator.go:47\ngoogle.golang.org/grpc.getChainUnaryHandler.func1\n\t/go/src/b2b/m/vendor/google.golang.org/grpc/server.go:1156\ngithub.com/grpc-ecosystem/go-grpc-middleware/logging/zap.UnaryServerInterceptor.func1\n\t/go/src/b2b/m/vendor/github.com/grpc-ecosystem/go-grpc-middleware/logging/zap/server_interceptors.go:31\ngoogle.golang.org/grpc.getChainUnaryHandler.func1\n\t/go/src/b2b/m/vendor/google.golang.org/grpc/server.go:1156\ngithub.com/grpc-ecosystem/go-grpc-middleware/tags.UnaryServerInterceptor.func1\n\t/go/src/b2b/m/vendor/github.com/grpc-ecosystem/go-grpc-middleware/tags/interceptors.go:23\ngoogle.golang.org/grpc.chainUnaryInterceptors.func1\n\t/go/src/b2b/m/vendor/google.golang.org/grpc/server.go:1147\nb2b/m/pkg/services/auth._AuthService_GetCompanyUserLink_Handler\n\t/go/src/b2b/m/pkg/services/auth/api_grpc.pb.go:557\ngoogle.golang.org/grpc.(*Server).processUnaryRPC\n\t/go/src/b2b/m/vendor/google.golang.org/grpc/server.go:1337\ngoogle.golang.org/grpc.(*Server).handleStream\n\t/go/src/b2b/m/vendor/google.golang.org/grpc/server.go:1714\ngoogle.golang.org/grpc.(*Server).serveStreams.func1.1\n\t/go/src/b2b/m/vendor/google.golang.org/grpc/server.go:959"}
auth_service_1                | {"level":"info","ts":"2024-08-08T15:53:45.160Z","caller":"repository/logging.go:203","msg":"auth_repo","Action":"GetCompanyUserLink","Request":16}
gateway_1                     | 2024/08/08 15:53:45 Gateway -> Usecase -> HandlePaidPayments -> PAYMENTS CREDITED
gateway_1                     | {"level":"info","ts":"2024-08-08T15:53:45.164Z","caller":"http/logging.go:19","msg":"/user/payment/handle/all","status":200}
auth_service_1                | {"level":"info","ts":"2024-08-08T15:53:45.175Z","caller":"v4/conn.go:354","msg":"Query","sql":"SELECT  id, post, company_id, user_id, itn FROM CompaniesUsers WHERE user_id = $1 and company_id = $2","args":[16,13],"time":0.000785894,"rowCount":1,"pid":92}
auth_service_1                | {"level":"info","ts":"2024-08-08T15:53:45.175Z","caller":"zap/options.go:212","msg":"finished unary call with code OK","grpc.start_time":"2024-08-08T15:53:45Z","system":"grpc","span.kind":"server","grpc.service":"services.auth_service.AuthService","grpc.method":"GetCompanyUserLink","peer.address":"172.25.0.1:59762","grpc.code":"OK","grpc.time_ms":14.504}
gateway_1                     | 2024/08/08 15:53:45 GetUserByCookie SetCookie: 709eb778-8018-43f0-9097-d0d3966e9ba2  id  16  email  test_chat@mail.ru
gateway_1                     | {"level":"info","ts":"2024-08-08T15:53:45.176Z","caller":"http/logging.go:19","msg":"/user/me","status":200}
gateway_1                     | {"level":"info","ts":"2024-08-08T15:53:45.711Z","caller":"http/logging.go:11","msg":"/company/products","method":"POST","remote_addr":"172.25.0.1:40624","url":"/company/products"}
gateway_1                     | GetQueryParams || SKIP ======  0 LIMIT ======  12
productscategories_service_1  | {"level":"error","ts":"2024-08-08T15:53:45.712Z","caller":"zap/sugar.go:210","msg":"Ignored key without a value.","ignored":{"Skip":0,"Limit":12},"stacktrace":"go.uber.org/zap.(*SugaredLogger).Infow\n\t/go/src/b2b/m/vendor/go.uber.org/zap/sugar.go:210\nb2b/m/internal/services/productsCategories/repository.(*loggingMiddleware).GetCompanyProducts\n\t/go/src/b2b/m/internal/services/productsCategories/repository/logging.go:265\nb2b/m/internal/services/productsCategories/usecase.(*productsCategoriesUseCase).GetCompanyProducts\n\t/go/src/b2b/m/internal/services/productsCategories/usecase/usecase.go:130\nb2b/m/internal/services/productsCategories/delivery.(*productsCategoriesDelivery).GetCompanyProducts\n\t/go/src/b2b/m/internal/services/productsCategories/delivery/delivery.go:244\nb2b/m/pkg/services/productsCategories._ProductsCategoriesService_GetCompanyProducts_Handler.func1\n\t/go/src/b2b/m/pkg/services/productsCategories/api_grpc.pb.go:343\ngithub.com/grpc-ecosystem/go-grpc-prometheus.(*ServerMetrics).UnaryServerInterceptor.func1\n\t/go/src/b2b/m/vendor/github.com/grpc-ecosystem/go-grpc-prometheus/server_metrics.go:107\ngoogle.golang.org/grpc.getChainUnaryHandler.func1\n\t/go/src/b2b/m/vendor/google.golang.org/grpc/server.go:1156\ngithub.com/grpc-ecosystem/go-grpc-middleware/validator.UnaryServerInterceptor.func1\n\t/go/src/b2b/m/vendor/github.com/grpc-ecosystem/go-grpc-middleware/validator/validator.go:47\ngoogle.golang.org/grpc.getChainUnaryHandler.func1\n\t/go/src/b2b/m/vendor/google.golang.org/grpc/server.go:1156\ngithub.com/grpc-ecosystem/go-grpc-middleware/logging/zap.UnaryServerInterceptor.func1\n\t/go/src/b2b/m/vendor/github.com/grpc-ecosystem/go-grpc-middleware/logging/zap/server_interceptors.go:31\ngoogle.golang.org/grpc.getChainUnaryHandler.func1\n\t/go/src/b2b/m/vendor/google.golang.org/grpc/server.go:1156\ngithub.com/grpc-ecosystem/go-grpc-middleware/tags.UnaryServerInterceptor.func1\n\t/go/src/b2b/m/vendor/github.com/grpc-ecosystem/go-grpc-middleware/tags/interceptors.go:23\ngoogle.golang.org/grpc.chainUnaryInterceptors.func1\n\t/go/src/b2b/m/vendor/google.golang.org/grpc/server.go:1147\nb2b/m/pkg/services/productsCategories._ProductsCategoriesService_GetCompanyProducts_Handler\n\t/go/src/b2b/m/pkg/services/productsCategories/api_grpc.pb.go:345\ngoogle.golang.org/grpc.(*Server).processUnaryRPC\n\t/go/src/b2b/m/vendor/google.golang.org/grpc/server.go:1337\ngoogle.golang.org/grpc.(*Server).handleStream\n\t/go/src/b2b/m/vendor/google.golang.org/grpc/server.go:1714\ngoogle.golang.org/grpc.(*Server).serveStreams.func1.1\n\t/go/src/b2b/m/vendor/google.golang.org/grpc/server.go:959"}
gateway_1                     | {"level":"info","ts":"2024-08-08T15:53:45.715Z","caller":"http/logging.go:19","msg":"/company/products","status":200}
productscategories_service_1  | {"level":"info","ts":"2024-08-08T15:53:45.712Z","caller":"repository/logging.go:265","msg":"productsCategories_repo","Action":"GetCompanyProducts","Request":0}
productscategories_service_1  | {"level":"info","ts":"2024-08-08T15:53:45.714Z","caller":"v4/conn.go:354","msg":"Query","sql":"SELECT id, name, description,price FROM products as pr JOIN (SELECT company_id, product_id FROM companiesproducts) as cppr on cppr.product_id = pr.id WHERE cppr.company_id = $1 OFFSET $2 LIMIT $3","args":[0,0,12],"time":0.001149616,"rowCount":0,"pid":32}
productscategories_service_1  | {"level":"info","ts":"2024-08-08T15:53:45.714Z","caller":"zap/options.go:212","msg":"finished unary call with code OK","grpc.start_time":"2024-08-08T15:53:45Z","system":"grpc","span.kind":"server","grpc.service":"services.productsCategories_service.ProductsCategoriesService","grpc.method":"GetCompanyProducts","peer.address":"172.25.0.1:56954","grpc.code":"OK","grpc.time_ms":1.702}
gateway_1                     | {"level":"info","ts":"2024-08-08T15:53:46.682Z","caller":"http/logging.go:11","msg":"/company/NaN","method":"GET","remote_addr":"172.25.0.1:40628","url":"/company/NaN"}
company_service_1             | {"level":"info","ts":"2024-08-08T15:53:46.683Z","caller":"repository/logging.go:100","msg":"company_repo","Action":"GetCompanyById","Request":0}
company_service_1             | {"level":"info","ts":"2024-08-08T15:53:46.685Z","caller":"v4/conn.go:354","msg":"Query","sql":"SELECT id, name, description, legal_name, itn, psrn, address,legal_address,email, phone, link, activity, owner_id, rating , verified, photo_obj_name FROM Companies WHERE id = $1","args":[0],"time":0.00186274,"rowCount":0,"pid":28}
gateway_1                     | {"level":"info","ts":"2024-08-08T15:53:46.686Z","caller":"http/logging.go:19","msg":"/company/NaN","status":404}
company_service_1             | {"level":"info","ts":"2024-08-08T15:53:46.685Z","caller":"repository/logging.go:106","msg":"company_repo","Action":"GetCompanyById","Request":0,"Error":"company does not exist"}
company_service_1             | {"level":"info","ts":"2024-08-08T15:53:46.685Z","caller":"zap/options.go:212","msg":"finished unary call with code NotFound","grpc.start_time":"2024-08-08T15:53:46Z","system":"grpc","span.kind":"server","grpc.service":"services.company_service.CompanyService","grpc.method":"GetCompanyById","peer.address":"172.25.0.1:37642","error":"rpc error: code = NotFound desc = not found","grpc.code":"NotFound","grpc.time_ms":2.412}
auth_service_1                | {"level":"info","ts":"2024-08-08T15:53:46.691Z","caller":"repository/logging.go:290","msg":"auth_repo","Action":"ValidateUserSession","Request":"709eb778-8018-43f0-9097-d0d3966e9ba2"}
auth_service_1                | {"level":"info","ts":"2024-08-08T15:53:46.692Z","caller":"v4/conn.go:354","msg":"Query","args":["709eb778-8018-43f0-9097-d0d3966e9ba2"],"time":0.000872009,"rowCount":1,"pid":92,"sql":"SELECT user_id FROM Cookies WHERE hash = $1"}
auth_service_1                | {"level":"info","ts":"2024-08-08T15:53:46.692Z","caller":"zap/options.go:212","msg":"finished unary call with code OK","grpc.start_time":"2024-08-08T15:53:46Z","system":"grpc","span.kind":"server","grpc.service":"services.auth_service.AuthService","grpc.method":"ValidateSession","peer.address":"172.25.0.1:59762","grpc.code":"OK","grpc.time_ms":1.2}
auth_service_1                | 2024/08/08 15:53:46 authDelivery -> GetUser 16
auth_service_1                | {"level":"info","ts":"2024-08-08T15:53:46.695Z","caller":"repository/logging.go:149","msg":"auth_repo","Action":"GetUserByID","Request":16}
auth_service_1                | {"level":"info","ts":"2024-08-08T15:53:46.696Z","caller":"v4/conn.go:354","msg":"Query","sql":"SELECT id, name, surname, patronymic, country, email, password, group_id, balance FROM Users WHERE id = $1","args":[16],"time":0.000803979,"rowCount":1,"pid":92}
auth_service_1                | {"level":"info","ts":"2024-08-08T15:53:46.696Z","caller":"zap/options.go:212","msg":"finished unary call with code OK","grpc.start_time":"2024-08-08T15:53:46Z","system":"grpc","span.kind":"server","grpc.service":"services.auth_service.AuthService","grpc.method":"GetUser","peer.address":"172.25.0.1:59762","grpc.code":"OK","grpc.time_ms":1.063}
auth_service_1                | {"level":"info","ts":"2024-08-08T15:53:46.697Z","caller":"repository/logging.go:185","msg":"auth_repo","Action":"GetUsersCompany","Request":16}
auth_service_1                | {"level":"info","ts":"2024-08-08T15:53:46.698Z","caller":"v4/conn.go:354","msg":"Query","time":0.000486344,"rowCount":1,"pid":92,"sql":"SELECT id, name, description, legal_name, itn, psrn, address,legal_address,email, phone, link, activity, owner_id, rating , verified  FROM Companies WHERE owner_id = $1","args":[16]}
auth_service_1                | {"level":"info","ts":"2024-08-08T15:53:46.698Z","caller":"zap/options.go:212","msg":"finished unary call with code OK","grpc.start_time":"2024-08-08T15:53:46Z","system":"grpc","span.kind":"server","grpc.service":"services.auth_service.AuthService","grpc.method":"GetUsersCompany","peer.address":"172.25.0.1:59762","grpc.code":"OK","grpc.time_ms":0.651}
productscategories_service_1  | {"level":"info","ts":"2024-08-08T15:53:46.692Z","caller":"zap/options.go:212","msg":"finished unary call with code InvalidArgument","grpc.start_time":"2024-08-08T15:53:46Z","system":"grpc","span.kind":"server","grpc.service":"services.productsCategories_service.ProductsCategoriesService","grpc.method":"GetProductById","peer.address":"172.25.0.1:56954","error":"rpc error: code = InvalidArgument desc = invalid GetProductByID.Id: value must be greater than 0","grpc.code":"InvalidArgument","grpc.time_ms":0.057}
productscategories_service_1  | {"level":"info","ts":"2024-08-08T15:53:46.693Z","caller":"zap/options.go:212","msg":"finished unary call with code InvalidArgument","grpc.start_time":"2024-08-08T15:53:46Z","system":"grpc","span.kind":"server","grpc.service":"services.productsCategories_service.ProductsCategoriesService","grpc.method":"GetProductById","peer.address":"172.25.0.1:56954","error":"rpc error: code = InvalidArgument desc = invalid GetProductByID.Id: value must be greater than 0","grpc.code":"InvalidArgument","grpc.time_ms":0.03}
gateway_1                     | {"level":"info","ts":"2024-08-08T15:53:46.689Z","caller":"http/logging.go:11","msg":"/user/me","method":"GET","remote_addr":"172.25.0.1:40638","url":"/user/me"}
gateway_1                     | {"level":"info","ts":"2024-08-08T15:53:46.690Z","caller":"http/logging.go:11","msg":"/product/profile","method":"GET","remote_addr":"172.25.0.1:40636","url":"/product/profile"}
gateway_1                     | {"level":"info","ts":"2024-08-08T15:53:46.692Z","caller":"http/logging.go:11","msg":"/product/profile","method":"GET","remote_addr":"172.25.0.1:40640","url":"/product/profile"}
gateway_1                     | 2024/08/08 15:53:46 Helpers ValidateSession set UserIDContextKey:  16
gateway_1                     | 2024/08/08 15:53:46 Error GetProductById -> GetProductById rpc error: code = InvalidArgument desc = invalid GetProductByID.Id: value must be greater than 0
gateway_1                     | {"level":"info","ts":"2024-08-08T15:53:46.694Z","caller":"http/logging.go:19","msg":"/product/profile","status":400}
gateway_1                     | 2024/08/08 15:53:46 Error GetProductById -> GetProductById rpc error: code = InvalidArgument desc = invalid GetProductByID.Id: value must be greater than 0
gateway_1                     | {"level":"info","ts":"2024-08-08T15:53:46.694Z","caller":"http/logging.go:19","msg":"/product/profile","status":400}
gateway_1                     | 2024/08/08 15:53:46 GetUserByCookie SetCookie: 709eb778-8018-43f0-9097-d0d3966e9ba2  id  16  email  test_chat@mail.ru
gateway_1                     | {"level":"info","ts":"2024-08-08T15:53:46.700Z","caller":"http/logging.go:19","msg":"/user/me","status":200}
